   Γû▓ Next.js 15.5.9
   - Environments: .env

   Creating an optimized production build ...
node.exe : Failed to compile.
At C:\Program 
Files\nodejs\npx.ps1:29 
char:3
+   & $NODE_EXE $NPX_CLI_JS 
$args
+   
~~~~~~~~~~~~~~~~~~~~~~~~~~~~~
    + CategoryInfo           
   : NotSpecified: (Failed   
  to compile.:String) [],    
 RemoteException
    + FullyQualifiedErrorId  
   : NativeCommandError
 

./src/app/agent/page.tsx
Module not found: Can't 
resolve 
'@/context/agents-context'

https://nextjs.org/docs/messa
ges/module-not-found

./src/app/battle/page.tsx
Module not found: Can't 
resolve 
'@/context/agents-context'

https://nextjs.org/docs/messa
ges/module-not-found

./src/app/create/page.tsx
Module not found: Can't 
resolve 
'@/context/agents-context'

https://nextjs.org/docs/messa
ges/module-not-found

./src/app/explore/page.tsx
Module not found: Can't 
resolve 
'@/context/agents-context'

https://nextjs.org/docs/messa
ges/module-not-found

./src/app/page.tsx
Module not found: Can't 
resolve 
'@/context/agents-context'

https://nextjs.org/docs/messa
ges/module-not-found


> Build failed because of 
webpack errors
